{
    "0": {
        "top_logits": {
            " It": 0.28457069396972656,
            " The": 0.2715786099433899,
            " This": 0.1881249099969864,
            " Here": 0.030665069818496704,
            " Loc": 0.030573846772313118,
            " I": 0.02862073853611946,
            " With": 0.022609323263168335,
            " There": 0.019450755789875984,
            " They": 0.012844301760196686,
            " We": 0.010354362428188324,
            "\n": 0.0087889414280653,
            " You": 0.0081184022128582,
            " Found": 0.007457853760570288,
            " Not": 0.006859936751425266,
            " ": 0.00678669847548008,
            " Est": 0.0039047321770340204,
            " My": 0.00336382701061666,
            " If": 0.0030619699973613024,
            " Home": 0.002982448786497116,
            " A": 0.0029520965181291103,
            " One": 0.0029148305766284466,
            " Boston": 0.0021590956021100283,
            " In": 0.0017021314706653357,
            " From": 0.0016935787862166762,
            " Its": 0.0016053394647315145,
            " it": 0.0012395214289426804,
            " Op": 0.0011932883644476533,
            " Whether": 0.001180861727334559,
            " Our": 0.001094980165362358,
            " As": 0.0010518538765609264,
            " At": 0.0010412742849439383,
            "The": 0.0010267902398481965,
            " Situ": 0.000980688026174903,
            " Every": 0.0008500675321556628,
            " While": 0.0007554357289336622,
            " For": 0.0007354175322689116,
            " When": 0.0006978221936151385,
            "This": 0.0006629785057157278,
            "It": 0.0006195949972607195,
            " Since": 0.0005848098080605268,
            " Some": 0.0005814991309307516,
            " Their": 0.0005327598773874342,
            " During": 0.0004988147411495447,
            " Fe": 0.00048039949615485966,
            "Loc": 0.0004754061810672283,
            " Take": 0.00046403438318520784,
            " On": 0.0004163661506026983,
            " Kids": 0.00041227383189834654,
            " this": 0.0003708983713295311,
            " Many": 0.0003530116518959403,
            " Open": 0.00032013640156947076,
            " Dis": 0.0002888985036406666,
            " Just": 0.000284042238490656,
            " Each": 0.00026300421450287104,
            " Over": 0.00023368021356873214,
            " An": 0.00022944141528569162,
            " Make": 0.00022552006703335792,
            " the": 0.00022258126409724355,
            " Walk": 0.00022100587375462055,
            " Although": 0.00021944500622339547,
            "I": 0.0002127859042957425,
            " Come": 0.00020929327001795173,
            " N": 0.00020156176469754428,
            " Expl": 0.00019783878815360367,
            " Inside": 0.00017899565864354372,
            " Check": 0.0001681973662925884,
            " F": 0.0001670132769504562,
            " No": 0.00016612860781606287,
            " Let": 0.00016335661348421127,
            " K": 0.0001630011829547584,
            " And": 0.00016003880591597408,
            " After": 0.00015424667799379677,
            " First": 0.00015381524281110615,
            " Vis": 0.0001519856887171045,
            " Besides": 0.0001515695475973189,
            " See": 0.00014867661229800433,
            " Last": 0.00014642032328993082,
            " But": 0.0001393785496475175,
            " T": 0.00013715203385800123,
            " Being": 0.00013492141442839056,
            " Get": 0.00013464171206578612,
            " H": 0.00013455442967824638,
            " here": 0.00012153637362644076,
            " Along": 0.0001163851993624121,
            " not": 0.00011603110760916024,
            " Once": 0.00011428931611590087,
            " To": 0.00011289082613075152,
            "There": 0.0001125531634897925,
            " Both": 0.00011089053441537544,
            " Right": 0.0001097402346204035,
            " Everyone": 0.00010783958714455366,
            " Now": 0.00010767351341200992,
            " So": 0.00010724658204708248,
            " What": 0.00010459619807079434,
            " (": 0.00010398550512036309,
            " Sp": 0.0001022170836222358,
            " Enjoy": 0.0001020245545078069,
            " People": 0.00010148906585527584,
            " That": 9.329632302979007e-05,
            " Off": 9.16429708013311e-05
        }
    },
    "1": {
        "top_logits": {
            " over": 0.3139823079109192,
            " a": 0.2660972476005554,
            " thousands": 0.12762309610843658,
            " its": 0.0740780234336853,
            " more": 0.03855389356613159,
            " many": 0.03460387513041496,
            " various": 0.026762330904603004,
            " an": 0.020228855311870575,
            " so": 0.015609183348715305,
            " numerous": 0.01137017272412777,
            " hundreds": 0.008057824335992336,
            " interactive": 0.00522179901599884,
            " exhib": 0.0051989066414535046,
            " countless": 0.004456042777746916,
            " ": 0.003213003510609269,
            " amazing": 0.0029177051037549973,
            " the": 0.0025769020430743694,
            " all": 0.0023112178314477205,
            " beautiful": 0.0018786448054015636,
            " lots": 0.001874021254479885,
            " both": 0.0018338876543566585,
            " plenty": 0.0016831860411912203,
            " diverse": 0.0014689747476950288,
            " several": 0.0013842907501384616,
            " tanks": 0.0011914776405319571,
            " tons": 0.0010693585500121117,
            " incredible": 0.0010148476576432586,
            " it": 0.0010044975206255913,
            " indoor": 0.000870796327944845,
            " fascinating": 0.0007390041719190776,
            " some": 0.0007165871211327612,
            " one": 0.0007080374052748084,
            " stunning": 0.0006925293710082769,
            " multiple": 0.0006328420131467283,
            " dozens": 0.0006045167101547122,
            " their": 0.000512787897605449,
            " around": 0.0005075919907540083,
            " sh": 0.00047824261127971113,
            " acres": 0.00047518208157271147,
            " exciting": 0.00042278601904399693,
            " different": 0.0004184498102404177,
            " tens": 0.0003623329976107925,
            " such": 0.00035979520180262625,
            " displays": 0.0003473331162240356,
            " marine": 0.00034220205270685256,
            " attra": 0.0003090915852226317,
            " everything": 0.0003046909987460822,
            " almost": 0.0003043523756787181,
            " millions": 0.00029560941038653255,
            " loads": 0.0002886886359192431,
            " about": 0.0002693580463528633,
            " two": 0.0002606170019134879,
            " impressive": 0.0002555762475822121,
            " nearly": 0.0002550189383327961,
            " large": 0.00025132994051091373,
            " animals": 0.00024061700969468802,
            " your": 0.00023587507894262671,
            " p": 0.00023515948851127177,
            " just": 0.00023144946317188442,
            " breat": 0.0002291783457621932,
            " under": 0.0002248764067189768,
            " daily": 0.00020285070058889687,
            " endless": 0.00018938153516501188,
            " wonderful": 0.00018747459398582578,
            " five": 0.00018560349417384714,
            " approximately": 0.0001795237185433507,
            " four": 0.00017857672355603427,
            " this": 0.00017421787197235972,
            " six": 0.0001608735474292189,
            " aqu": 0.0001583951379870996,
            " outdoor": 0.00014941931294742972,
            " world": 0.00013951740402262658,
            " seven": 0.00013905805826652795,
            " something": 0.00011932919005630538,
            " fantastic": 0.00011776058818213642,
            " se": 0.00010706364992074668,
            " three": 0.00010556886991253123,
            " vibr": 0.00010067671246360987,
            " exotic": 9.974443673854694e-05,
            " ten": 9.848522313404828e-05,
            " much": 9.741388930706307e-05,
            " miles": 9.65744475251995e-05,
            " water": 9.464286995353177e-05,
            " year": 9.440129360882565e-05,
            " interesting": 9.201858483720571e-05,
            " close": 9.192955621983856e-05,
            " literally": 8.878928201738745e-05,
            " our": 8.531212370144203e-05,
            " color": 8.270405669463798e-05,
            " thousand": 8.256551518570632e-05,
            " sea": 7.989758887561038e-05,
            " spectacular": 7.989408186404034e-05,
            " live": 7.813598494976759e-05,
            " up": 7.442567584803328e-05,
            " animal": 7.236728561110795e-05,
            " magnificent": 7.225377339636907e-05,
            " eight": 7.202138658612967e-05,
            " educational": 7.173676567617804e-05,
            " extensive": 6.794783257646486e-05,
            " excellent": 6.539778405567631e-05
        }
    }
}