{
    "0": {
        "top_logits": {
            " It": 0.29587915539741516,
            " The": 0.2691734731197357,
            " This": 0.18136197328567505,
            " Loc": 0.03182906284928322,
            " Here": 0.029549943283200264,
            " I": 0.02933475188910961,
            " With": 0.022403961047530174,
            " There": 0.0187936220318079,
            " They": 0.013223044574260712,
            " We": 0.00995143223553896,
            "\n": 0.008208589628338814,
            " You": 0.007716788910329342,
            " Found": 0.007630027364939451,
            " ": 0.006613499019294977,
            " Not": 0.006379664409905672,
            " Est": 0.003875086084008217,
            " My": 0.003595854854211211,
            " If": 0.0030712599400430918,
            " One": 0.0030640221666544676,
            " Home": 0.0030166511423885822,
            " A": 0.0030139018781483173,
            " Boston": 0.001964528812095523,
            " Its": 0.0017825590912252665,
            " In": 0.0016139595536515117,
            " From": 0.0015980799216777086,
            " it": 0.0014638213906437159,
            " Our": 0.0011456393403932452,
            " Op": 0.001143834786489606,
            " Whether": 0.001131828990764916,
            " At": 0.0010045464150607586,
            "The": 0.0009859399870038033,
            " As": 0.0009656833135522902,
            " Situ": 0.0008817560155875981,
            " Every": 0.0008032654295675457,
            " For": 0.0007257493562065065,
            " While": 0.0006907287170179188,
            " When": 0.000634940923191607,
            "It": 0.0006228132988326252,
            "This": 0.0006190920248627663,
            " Some": 0.0005865214625373483,
            " Their": 0.0005326940445229411,
            " Since": 0.0004977381904609501,
            " During": 0.0004851659177802503,
            " Fe": 0.00048141603474505246,
            "Loc": 0.00047646305756643414,
            " Take": 0.00047098982031457126,
            " On": 0.00043427327182143927,
            " this": 0.00042260708869434893,
            " Kids": 0.0003789518668781966,
            " Many": 0.0003662895178422332,
            " Open": 0.000309645984089002,
            " Just": 0.0003086076758336276,
            " the": 0.00025813208776526153,
            " Dis": 0.0002521315182093531,
            " Each": 0.0002468597376719117,
            "I": 0.00021762578398920596,
            " Over": 0.00021748262224718928,
            " Although": 0.00021711188310291618,
            " Walk": 0.00021570149692706764,
            " An": 0.00021425650629680604,
            " N": 0.00020467929425649345,
            " Come": 0.00020249292720109224,
            " Make": 0.00019801092275884002,
            " F": 0.0001776104763848707,
            " Check": 0.0001712524244794622,
            " No": 0.00016989122377708554,
            " Inside": 0.0001679108099779114,
            " K": 0.000161085874424316,
            " Let": 0.0001517535129096359,
            " Expl": 0.00014989716873969883,
            " See": 0.00014863579417578876,
            " T": 0.000147285420098342,
            " Besides": 0.00014684208144899458,
            " First": 0.00014580068818759173,
            " And": 0.00014396179176401347,
            " Vis": 0.00013819383457303047,
            " H": 0.00013591077004093677,
            " But": 0.00013539278006646782,
            " After": 0.0001347690267721191,
            " Being": 0.000134292509756051,
            " here": 0.00013337038399185985,
            " Last": 0.00012722675455734134,
            " Along": 0.00012495076225604862,
            " Get": 0.00012316936044953763,
            " not": 0.00011971638741670176,
            " Right": 0.00010881097114179283,
            "There": 0.00010757374548120424,
            " Once": 0.00010706059401854873,
            " To": 0.0001065217365976423,
            " Everyone": 0.00010060241766041145,
            " Both": 0.00010021661000791937,
            " Now": 0.00010006514639826491,
            " (": 9.880366269499063e-05,
            " Enjoy": 9.875628165900707e-05,
            " So": 9.830833732848987e-05,
            " People": 9.582482016412541e-05,
            " Ad": 9.53970811679028e-05,
            " Sp": 9.45014544413425e-05,
            " Off": 9.203403169522062e-05,
            " What": 9.192683501169086e-05
        }
    },
    "1": {
        "top_logits": {
            " over": 0.2958894371986389,
            " a": 0.2936299443244934,
            " thousands": 0.10989993810653687,
            " its": 0.07736556977033615,
            " many": 0.038854096084833145,
            " more": 0.03432304039597511,
            " various": 0.02911936491727829,
            " an": 0.02113274857401848,
            " so": 0.016780469566583633,
            " numerous": 0.01206459105014801,
            " hundreds": 0.0074158706702291965,
            " interactive": 0.005486852489411831,
            " exhib": 0.00511661171913147,
            " countless": 0.004260534420609474,
            " amazing": 0.0031903903000056744,
            " ": 0.0028683801647275686,
            " the": 0.002472722204402089,
            " all": 0.002414050744846463,
            " beautiful": 0.0021164717618376017,
            " lots": 0.0019009041134268045,
            " both": 0.0018020704155787826,
            " diverse": 0.0017449116567149758,
            " plenty": 0.0016681246925145388,
            " several": 0.0014544398291036487,
            " tanks": 0.0012791053159162402,
            " incredible": 0.0010388436494395137,
            " tons": 0.0010308359051123261,
            " it": 0.0010106308618560433,
            " indoor": 0.0009363910066895187,
            " fascinating": 0.0008444329723715782,
            " stunning": 0.000777924433350563,
            " one": 0.0007160679087974131,
            " some": 0.0007047170074656606,
            " multiple": 0.00066431297454983,
            " dozens": 0.0005949697224423289,
            " their": 0.0005322243669070303,
            " different": 0.0005030552274547517,
            " sh": 0.0004742363526020199,
            " exciting": 0.0004392557602841407,
            " around": 0.0004132077156100422,
            " acres": 0.00040066384826786816,
            " such": 0.00038833566941320896,
            " displays": 0.0003602986107580364,
            " marine": 0.0003247454878874123,
            " attra": 0.0003150839183945209,
            " loads": 0.0003150499251205474,
            " tens": 0.00030867886380292475,
            " everything": 0.0003066002391278744,
            " millions": 0.00028534248122014105,
            " impressive": 0.00027041434077546,
            " two": 0.0002580602013040334,
            " almost": 0.00025510165141895413,
            " breat": 0.0002475930086802691,
            " about": 0.0002374482137383893,
            " p": 0.00023699643497820944,
            " large": 0.00021906882466282696,
            " your": 0.00020911528554279357,
            " animals": 0.00020685452909674495,
            " nearly": 0.00020525984291452914,
            " wonderful": 0.00020468514412641525,
            " under": 0.00020408752607181668,
            " five": 0.0002035325887845829,
            " four": 0.00019951560534536839,
            " daily": 0.00019428718951530755,
            " just": 0.00019251619232818484,
            " endless": 0.0001822251215344295,
            " six": 0.00017290677351411432,
            " this": 0.00016119697829708457,
            " outdoor": 0.00016044775838963687,
            " approximately": 0.00015697976050432771,
            " world": 0.00015111979155335575,
            " aqu": 0.0001459161430830136,
            " seven": 0.0001437265455024317,
            " fantastic": 0.00012892756785731763,
            " three": 0.00011345064558554441,
            " se": 0.00011195537081221119,
            " vibr": 0.00011059724783990532,
            " something": 0.00010857702000066638,
            " miles": 9.93935827864334e-05,
            " exotic": 9.764092101249844e-05,
            " much": 9.73233618424274e-05,
            " interesting": 9.684588439995423e-05,
            " year": 9.470463555771858e-05,
            " color": 9.196226164931431e-05,
            " live": 8.864214760251343e-05,
            " ten": 8.779494237387553e-05,
            " spectacular": 8.603454625699669e-05,
            " close": 8.381736552109942e-05,
            " our": 8.231126412283629e-05,
            " water": 8.076441736193374e-05,
            " literally": 7.637832459295169e-05,
            " magnificent": 7.588569133076817e-05,
            " excellent": 7.371440733550116e-05,
            " thousand": 7.334493420785293e-05,
            " eight": 7.284832827281207e-05,
            " sea": 7.037629256956279e-05,
            " educational": 6.636534089921042e-05,
            " extensive": 6.364836008287966e-05,
            " har": 6.346536974888295e-05,
            " up": 6.332407792797312e-05
        }
    }
}